// Vitest Snapshot v1, https://vitest.dev/guide/snapshot.html

exports[`CityScene roadLike 4방 오토타일 > 26도시 전 지형·mainRoute 렌더 키 manifest를 고정한다 1`] = `
[
  {
    "guidebookRoadTiles": 28402,
    "id": "fukuoka",
    "innerTiles": 6882,
    "roadLikeTiles": 41483,
    "sha256": "577dfe586b36bcc25f6fda0b378d598141ed75f1013c1e9b3488bb1900ee96b5",
    "variants": [
      0,
      1,
      2,
      3,
      4,
      5,
      6,
      7,
      8,
      9,
      10,
      11,
      12,
      13,
      14,
      15,
    ],
  },
  {
    "guidebookRoadTiles": 308782,
    "id": "tokyo",
    "innerTiles": 107061,
    "roadLikeTiles": 453353,
    "sha256": "387192cbe7970aa91b4774b7ac0bf8c97c4b2ce068af72a5b1a1aa4722d1e3d1",
    "variants": [
      0,
      1,
      2,
      3,
      4,
      5,
      6,
      7,
      8,
      9,
      10,
      11,
      12,
      13,
      14,
      15,
    ],
  },
  {
    "guidebookRoadTiles": 169688,
    "id": "osaka",
    "innerTiles": 44664,
    "roadLikeTiles": 213727,
    "sha256": "04192444bb0e699ddf7aa67e3d27fbb03f7ac703d917a061f96b2dc1d6811096",
    "variants": [
      0,
      1,
      2,
      3,
      4,
      5,
      6,
      7,
      8,
      9,
      10,
      11,
      12,
      13,
      14,
      15,
    ],
  },
  {
    "guidebookRoadTiles": 161415,
    "id": "kyoto",
    "innerTiles": 40431,
    "roadLikeTiles": 201410,
    "sha256": "9935e6d931d7fe516aa56a431e1680ea588b32cc16ce4b11835bfda059621570",
    "variants": [
      0,
      1,
      2,
      3,
      4,
      5,
      6,
      7,
      8,
      9,
      10,
      11,
      12,
      13,
      14,
      15,
    ],
  },
  {
    "guidebookRoadTiles": 237493,
    "id": "busan",
    "innerTiles": 64807,
    "roadLikeTiles": 276534,
    "sha256": "72e96a2b26dde044d94f9ed244b3587963809c64ab0fb13763a7510060509fd9",
    "variants": [
      0,
      1,
      2,
      3,
      4,
      5,
      6,
      7,
      8,
      9,
      10,
      11,
      12,
      13,
      14,
      15,
    ],
  },
  {
    "guidebookRoadTiles": 749664,
    "id": "seoul",
    "innerTiles": 176826,
    "roadLikeTiles": 817508,
    "sha256": "5dd056c7a5686c798dd1e41c75c10ca5e76b61e7293092f81fb30e846b6f60fc",
    "variants": [
      0,
      1,
      2,
      3,
      4,
      5,
      6,
      7,
      8,
      9,
      10,
      11,
      12,
      13,
      14,
      15,
    ],
  },
  {
    "guidebookRoadTiles": 0,
    "id": "grand-paris",
    "innerTiles": 84917,
    "roadLikeTiles": 479112,
    "sha256": "4d07e9c651434607a522d8c82a3348a3fada393dd0aa979868a9a0c4ad90db63",
    "variants": [
      0,
      1,
      2,
      3,
      4,
      5,
      6,
      7,
      8,
      9,
      10,
      11,
      12,
      13,
      14,
      15,
    ],
  },
  {
    "guidebookRoadTiles": 0,
    "id": "mont-saint-michel",
    "innerTiles": 259,
    "roadLikeTiles": 5255,
    "sha256": "30cf3d9ae4869586b2a35ad20b60dad54dfd939c5c794ae7deb1a770f6ef86e0",
    "variants": [
      0,
      1,
      2,
      3,
      4,
      5,
      6,
      7,
      8,
      9,
      10,
      11,
      12,
      13,
      14,
      15,
    ],
  },
  {
    "guidebookRoadTiles": 152863,
    "id": "cote-dazur",
    "innerTiles": 36267,
    "roadLikeTiles": 201824,
    "sha256": "2574b43231ca14c0c9d2abab17c5f92725de4c885a5d312b4db7cb5039efbbf8",
    "variants": [
      0,
      1,
      2,
      3,
      4,
      5,
      6,
      7,
      8,
      9,
      10,
      11,
      12,
      13,
      14,
      15,
    ],
  },
  {
    "guidebookRoadTiles": 0,
    "id": "brussels",
    "innerTiles": 13491,
    "roadLikeTiles": 84347,
    "sha256": "688d8c1b02033e8560f453b65009078ed5ae54be02ce70ed07f019e9a900a6e9",
    "variants": [
      0,
      1,
      2,
      3,
      4,
      5,
      6,
      7,
      8,
      9,
      10,
      11,
      12,
      13,
      14,
      15,
    ],
  },
  {
    "guidebookRoadTiles": 0,
    "id": "taipei",
    "innerTiles": 30730,
    "roadLikeTiles": 105870,
    "sha256": "8731ab47aee90be1c36485a836848dcff2504d7e3881ad6251d9f3f797ee3ed7",
    "variants": [
      0,
      1,
      2,
      3,
      4,
      5,
      6,
      7,
      8,
      9,
      10,
      11,
      12,
      13,
      14,
      15,
    ],
  },
  {
    "guidebookRoadTiles": 0,
    "id": "hong-kong",
    "innerTiles": 21214,
    "roadLikeTiles": 56693,
    "sha256": "a23a0a019d476099f91e7731bac324d7e67106d2b9df29cb51d1828e187c25a1",
    "variants": [
      0,
      1,
      2,
      3,
      4,
      5,
      6,
      7,
      8,
      9,
      10,
      11,
      12,
      13,
      14,
      15,
    ],
  },
  {
    "guidebookRoadTiles": 0,
    "id": "london",
    "innerTiles": 92727,
    "roadLikeTiles": 502425,
    "sha256": "de5145ed7ab28e44c8ab23072dd487075914e6877194bd13c665c59517c359d5",
    "variants": [
      0,
      1,
      2,
      3,
      4,
      5,
      6,
      7,
      8,
      9,
      10,
      11,
      12,
      13,
      14,
      15,
    ],
  },
  {
    "guidebookRoadTiles": 0,
    "id": "shanghai",
    "innerTiles": 16996,
    "roadLikeTiles": 65001,
    "sha256": "b4e872ec874c55aec7fdf28b0564b7c26a0968cfca94a93716c4ba5a81bcf846",
    "variants": [
      0,
      1,
      2,
      3,
      4,
      5,
      6,
      7,
      8,
      9,
      10,
      11,
      12,
      13,
      14,
      15,
    ],
  },
  {
    "guidebookRoadTiles": 0,
    "id": "beijing",
    "innerTiles": 15937,
    "roadLikeTiles": 55675,
    "sha256": "296012444c2b00fb22608e3588f1eff7bdf023c45dfb3cc774fd934008ff03e1",
    "variants": [
      0,
      1,
      2,
      3,
      4,
      5,
      6,
      7,
      8,
      9,
      10,
      11,
      12,
      13,
      14,
      15,
    ],
  },
  {
    "guidebookRoadTiles": 0,
    "id": "brisbane",
    "innerTiles": 21278,
    "roadLikeTiles": 108298,
    "sha256": "b33efba5ee283af135b23581d099c6a03334fb13112b1abfd953de5f5dcc5fa7",
    "variants": [
      0,
      1,
      2,
      3,
      4,
      5,
      6,
      7,
      8,
      9,
      10,
      11,
      12,
      13,
      14,
      15,
    ],
  },
  {
    "guidebookRoadTiles": 0,
    "id": "sydney",
    "innerTiles": 25734,
    "roadLikeTiles": 131087,
    "sha256": "a418dad347e062dfa79bf51f210dfeca461fb09d47a639a492b254770d5abe13",
    "variants": [
      0,
      1,
      2,
      3,
      4,
      5,
      6,
      7,
      8,
      9,
      10,
      11,
      12,
      13,
      14,
      15,
    ],
  },
  {
    "guidebookRoadTiles": 0,
    "id": "canberra",
    "innerTiles": 15965,
    "roadLikeTiles": 68990,
    "sha256": "4c3242d679169b7f6b12e8e19fe5410c6aca40e8106dc609aba116cfad8dddee",
    "variants": [
      0,
      1,
      2,
      3,
      4,
      5,
      6,
      7,
      8,
      9,
      10,
      11,
      12,
      13,
      14,
      15,
    ],
  },
  {
    "guidebookRoadTiles": 0,
    "id": "melbourne",
    "innerTiles": 27781,
    "roadLikeTiles": 102251,
    "sha256": "f98717eb0f3f6957ecbf7fe620475194fc4d2b0c8dd42cd68108e16cc22e2b54",
    "variants": [
      0,
      1,
      2,
      3,
      4,
      5,
      6,
      7,
      8,
      9,
      10,
      11,
      12,
      13,
      14,
      15,
    ],
  },
  {
    "guidebookRoadTiles": 0,
    "id": "marseille",
    "innerTiles": 8661,
    "roadLikeTiles": 50195,
    "sha256": "be5f4d47800232f6e2770b9f921f3afd078246b3bc12d169b3966b272857513f",
    "variants": [
      0,
      1,
      2,
      3,
      4,
      5,
      6,
      7,
      8,
      9,
      10,
      11,
      12,
      13,
      14,
      15,
    ],
  },
  {
    "guidebookRoadTiles": 0,
    "id": "kawaguchiko",
    "innerTiles": 9507,
    "roadLikeTiles": 49801,
    "sha256": "3d72e1bf01ab29327b197b06e1f67e2d409ffe211590db6d8c379312e9bc7497",
    "variants": [
      0,
      1,
      2,
      3,
      4,
      5,
      6,
      7,
      8,
      9,
      10,
      11,
      12,
      13,
      14,
      15,
    ],
  },
  {
    "guidebookRoadTiles": 0,
    "id": "geneva",
    "innerTiles": 7593,
    "roadLikeTiles": 40235,
    "sha256": "e8eac19f9448e6049e35362cc0e23df32f784a4650e2d711953c7661b66448fd",
    "variants": [
      0,
      1,
      2,
      3,
      4,
      5,
      6,
      7,
      8,
      9,
      10,
      11,
      12,
      13,
      14,
      15,
    ],
  },
  {
    "guidebookRoadTiles": 83493,
    "id": "leman-riviera",
    "innerTiles": 17859,
    "roadLikeTiles": 111373,
    "sha256": "2ab31fe1aa0df30bd4c704e78c13d615ec86a7bc8f0b1f9a6561b8ebae36d9c8",
    "variants": [
      0,
      1,
      2,
      3,
      4,
      5,
      6,
      7,
      8,
      9,
      10,
      11,
      12,
      13,
      14,
      15,
    ],
  },
  {
    "guidebookRoadTiles": 84730,
    "id": "lyon",
    "innerTiles": 17719,
    "roadLikeTiles": 90871,
    "sha256": "7a35fb7bd9ad0c028f8b7af4f7bf4e15f8c0b3abeac66cfc60913eadb58b42cd",
    "variants": [
      0,
      1,
      2,
      3,
      4,
      5,
      6,
      7,
      8,
      9,
      10,
      11,
      12,
      13,
      14,
      15,
    ],
  },
  {
    "guidebookRoadTiles": 93830,
    "id": "bordeaux",
    "innerTiles": 15382,
    "roadLikeTiles": 102382,
    "sha256": "ebc7b1b58cfe8f5015a683ebad005d0379af97c167804a82f11d58cdc83da204",
    "variants": [
      0,
      1,
      2,
      3,
      4,
      5,
      6,
      7,
      8,
      9,
      10,
      11,
      12,
      13,
      14,
      15,
    ],
  },
  {
    "guidebookRoadTiles": 55331,
    "id": "strasbourg",
    "innerTiles": 9262,
    "roadLikeTiles": 59787,
    "sha256": "454bc023807c05834846797a939716c37f2257f25767ea9af6780b2147f6090f",
    "variants": [
      0,
      1,
      2,
      3,
      4,
      5,
      6,
      7,
      8,
      9,
      10,
      11,
      12,
      13,
      14,
      15,
    ],
  },
]
`;
